[
  {
    "endPosition": "25",
    "kind": "CONTINUE",
    "label": "null",
    "startPosition": "16"
  },
  {
    "endPosition": "66",
    "kind": "CONTINUE",
    "label": "begin",
    "startPosition": "51"
  },
  {
    "endPosition": "102",
    "kind": "CONTINUE",
    "label": "start",
    "startPosition": "87"
  },
  {
    "endPosition": "118",
    "kind": "CONTINUE",
    "label": "null",
    "startPosition": "109"
  },
  {
    "endPosition": "156",
    "kind": "CONTINUE",
    "label": "label",
    "startPosition": "141"
  }
]
