[]
[
  {
    "fileName": "test.js",
    "code": "with (19, 4)",
    "columnNumber": "4",
    "kind": "ERROR",
    "position": "19",
    "message": "test.js:2:4 \"with\" statement cannot be used in strict mode\n    with(x) {}\n    ^",
    "lineNumber": "2"
  }
]
[
  {
    "fileName": "test.js",
    "code": "ident (8, 4)",
    "columnNumber": "8",
    "kind": "ERROR",
    "position": "8",
    "message": "test.js:1:8 \"eval\" cannot be used as variable name in strict mode\n    var eval = \"test value\";\n        ^",
    "lineNumber": "1"
  }
]
[
  {
    "fileName": "test.js",
    "code": "ident (8, 9)",
    "columnNumber": "8",
    "kind": "ERROR",
    "position": "8",
    "message": "test.js:1:8 \"arguments\" cannot be used as variable name in strict mode\n    var arguments = \"test value\";\n        ^",
    "lineNumber": "1"
  }
]
[]
[]
[
  {
    "fileName": "test.js",
    "code": "; (15, 1)",
    "columnNumber": "15",
    "kind": "ERROR",
    "position": "15",
    "message": "test.js:1:15 Unclosed group near index 9\n([a-z])+(\n    /([a-z])+(/;\n               ^",
    "lineNumber": "1"
  },
  {
    "fileName": "test.js",
    "code": "; (32, 1)",
    "columnNumber": "15",
    "kind": "ERROR",
    "position": "32",
    "message": "test.js:2:15 Unsupported RegExp flag: h\n    /([a-z])+/h;\n               ^",
    "lineNumber": "2"
  }
]
