[
  {
    "endPosition": "32",
    "kind": "LABELED_STATEMENT",
    "statement": {
      "endPosition": "32",
      "kind": "BLOCK",
      "statements": [
        {
          "condition": "null",
          "endPosition": "30",
          "kind": "FOR_LOOP",
          "statement": {
            "endPosition": "30",
            "kind": "BREAK",
            "label": "begin",
            "startPosition": "19"
          },
          "update": "null",
          "startPosition": "10",
          "initializer": "null"
        }
      ],
      "startPosition": "8"
    },
    "label": "begin",
    "startPosition": "1"
  },
  {
    "endPosition": "69",
    "kind": "LABELED_STATEMENT",
    "statement": {
      "endPosition": "69",
      "kind": "BLOCK",
      "statements": [
        {
          "condition": {
            "endPosition": "54",
            "kind": "BOOLEAN_LITERAL",
            "value": "true",
            "startPosition": "50"
          },
          "endPosition": "67",
          "kind": "WHILE_LOOP",
          "statement": {
            "endPosition": "67",
            "kind": "BREAK",
            "label": "begin",
            "startPosition": "56"
          },
          "startPosition": "43"
        }
      ],
      "startPosition": "41"
    },
    "label": "begin",
    "startPosition": "34"
  },
  {
    "endPosition": "107",
    "kind": "LABELED_STATEMENT",
    "statement": {
      "condition": {
        "endPosition": "90",
        "kind": "BOOLEAN_LITERAL",
        "value": "false",
        "startPosition": "85"
      },
      "endPosition": "107",
      "kind": "WHILE_LOOP",
      "statement": {
        "endPosition": "107",
        "kind": "CONTINUE",
        "label": "begin",
        "startPosition": "92"
      },
      "startPosition": "78"
    },
    "label": "begin",
    "startPosition": "71"
  },
  {
    "endPosition": "139",
    "kind": "LABELED_STATEMENT",
    "statement": {
      "condition": "null",
      "endPosition": "139",
      "kind": "FOR_LOOP",
      "statement": {
        "endPosition": "139",
        "kind": "CONTINUE",
        "label": "begin",
        "startPosition": "124"
      },
      "update": "null",
      "startPosition": "115",
      "initializer": "null"
    },
    "label": "begin",
    "startPosition": "108"
  },
  {
    "endPosition": "179",
    "kind": "LABELED_STATEMENT",
    "statement": {
      "condition": {
        "endPosition": "177",
        "kind": "BOOLEAN_LITERAL",
        "value": "false",
        "startPosition": "172"
      },
      "endPosition": "179",
      "kind": "DO_WHILE_LOOP",
      "statement": {
        "endPosition": "165",
        "kind": "CONTINUE",
        "label": "begin",
        "startPosition": "150"
      },
      "startPosition": "147"
    },
    "label": "begin",
    "startPosition": "140"
  },
  {
    "endPosition": "218",
    "kind": "LABELED_STATEMENT",
    "statement": {
      "endPosition": "218",
      "kind": "BLOCK",
      "statements": [
        {
          "condition": {
            "endPosition": "215",
            "kind": "BOOLEAN_LITERAL",
            "value": "true",
            "startPosition": "211"
          },
          "endPosition": "217",
          "kind": "DO_WHILE_LOOP",
          "statement": {
            "endPosition": "204",
            "kind": "BREAK",
            "label": "begin",
            "startPosition": "192"
          },
          "startPosition": "189"
        }
      ],
      "startPosition": "187"
    },
    "label": "begin",
    "startPosition": "180"
  }
]
