ReferenceError: "obj" is not defined
ReferenceError: "obj" is not defined
ReferenceError: "obj" is not defined
ReferenceError: "obj" is not defined
ReferenceError: "obj" is not defined
ReferenceError: "obj" is not defined
ReferenceError: "obj" is not defined
ReferenceError: "obj" is not defined
ReferenceError: "obj" is not defined
ReferenceError: "obj" is not defined
ReferenceError: "obj" is not defined
ReferenceError: "obj" is not defined
ReferenceError: "obj" is not defined
ReferenceError: "obj" is not defined
ReferenceError: "obj" is not defined
ReferenceError: "obj" is not defined
ReferenceError: "obj" is not defined
ReferenceError: "obj" is not defined
ReferenceError: "obj" is not defined
TypeError: Cannot get property "of" of undefined
TypeError: Cannot get property "of" of undefined
TypeError: undefined is not an Object
TypeError: undefined is not a function
TypeError: Cannot get property "of" of null
TypeError: null is not an Object
