SyntaxError:35:Invalid left hand side for assignment
1++
^
SyntaxError:42:Invalid left hand side for assignment
1--
^
SyntaxError:49:Invalid left hand side for assignment
++1
  ^
SyntaxError:56:Invalid left hand side for assignment
--1
  ^
SyntaxError:35:Invalid left hand side for assignment
0++
^
SyntaxError:42:Invalid left hand side for assignment
0--
^
SyntaxError:49:Invalid left hand side for assignment
++0
  ^
SyntaxError:56:Invalid left hand side for assignment
--0
  ^
SyntaxError:35:Invalid left hand side for assignment
3.14++
^
SyntaxError:42:Invalid left hand side for assignment
3.14--
^
SyntaxError:49:Invalid left hand side for assignment
++3.14
  ^
SyntaxError:56:Invalid left hand side for assignment
--3.14
  ^
SyntaxError:35:Invalid left hand side for assignment
true++
^
SyntaxError:42:Invalid left hand side for assignment
true--
^
SyntaxError:49:Invalid left hand side for assignment
++true
  ^
SyntaxError:56:Invalid left hand side for assignment
--true
  ^
SyntaxError:35:Invalid left hand side for assignment
false++
^
SyntaxError:42:Invalid left hand side for assignment
false--
^
SyntaxError:49:Invalid left hand side for assignment
++false
  ^
SyntaxError:56:Invalid left hand side for assignment
--false
  ^
SyntaxError:35:Invalid left hand side for assignment
null++
^
SyntaxError:42:Invalid left hand side for assignment
null--
^
SyntaxError:49:Invalid left hand side for assignment
++null
  ^
SyntaxError:56:Invalid left hand side for assignment
--null
  ^
